<?xml version="1.0" encoding="ISO-8859-1" ?>
<link_info>
   <banner>TI ARM Linker Unix v20.2.7.LTS</banner>
   <copyright>Copyright (c) 1996-2018 Texas Instruments Incorporated</copyright>
   <link_time>0x673cb65e</link_time>
   <link_errors>0x0</link_errors>
   <output_file>LCD_TivaC.out</output_file>
   <entry_point>
      <name>_c_int00_noargs</name>
      <address>0xc81</address>
   </entry_point>
   <input_file_list>
      <input_file id="fl-1">
         <path>./</path>
         <kind>object</kind>
         <file>ADCSWTrigger.obj</file>
         <name>ADCSWTrigger.obj</name>
      </input_file>
      <input_file id="fl-2">
         <path>./</path>
         <kind>object</kind>
         <file>LCD.obj</file>
         <name>LCD.obj</name>
      </input_file>
      <input_file id="fl-3">
         <path>./</path>
         <kind>object</kind>
         <file>PLL.obj</file>
         <name>PLL.obj</name>
      </input_file>
      <input_file id="fl-4">
         <path>./</path>
         <kind>object</kind>
         <file>SysTickInts.obj</file>
         <name>SysTickInts.obj</name>
      </input_file>
      <input_file id="fl-5">
         <path>./</path>
         <kind>object</kind>
         <file>TimerA0.obj</file>
         <name>TimerA0.obj</name>
      </input_file>
      <input_file id="fl-6">
         <path>./</path>
         <kind>object</kind>
         <file>main.obj</file>
         <name>main.obj</name>
      </input_file>
      <input_file id="fl-7">
         <path>./</path>
         <kind>object</kind>
         <file>tm4c123gh6pm_startup_ccs.obj</file>
         <name>tm4c123gh6pm_startup_ccs.obj</name>
      </input_file>
      <input_file id="fl-b">
         <kind>object</kind>
         <file>&lt;internal&gt;</file>
         <name>&lt;internal&gt;</name>
      </input_file>
      <input_file id="fl-c1">
         <path>/Applications/ti/ccs1280/ccs/tools/compiler/ti-cgt-arm_20.2.7.LTS/lib/</path>
         <kind>archive</kind>
         <file>rtsv7M4_T_le_v4SPD16_eabi.lib</file>
         <name>copy_zero_init.c.obj</name>
      </input_file>
      <input_file id="fl-c2">
         <path>/Applications/ti/ccs1280/ccs/tools/compiler/ti-cgt-arm_20.2.7.LTS/lib/</path>
         <kind>archive</kind>
         <file>rtsv7M4_T_le_v4SPD16_eabi.lib</file>
         <name>copy_decompress_none.c.obj</name>
      </input_file>
      <input_file id="fl-c3">
         <path>/Applications/ti/ccs1280/ccs/tools/compiler/ti-cgt-arm_20.2.7.LTS/lib/</path>
         <kind>archive</kind>
         <file>rtsv7M4_T_le_v4SPD16_eabi.lib</file>
         <name>copy_decompress_lzss.c.obj</name>
      </input_file>
      <input_file id="fl-c4">
         <path>/Applications/ti/ccs1280/ccs/tools/compiler/ti-cgt-arm_20.2.7.LTS/lib/</path>
         <kind>archive</kind>
         <file>rtsv7M4_T_le_v4SPD16_eabi.lib</file>
         <name>boot_cortex_m.c.obj</name>
      </input_file>
      <input_file id="fl-c5">
         <path>/Applications/ti/ccs1280/ccs/tools/compiler/ti-cgt-arm_20.2.7.LTS/lib/</path>
         <kind>archive</kind>
         <file>rtsv7M4_T_le_v4SPD16_eabi.lib</file>
         <name>memcpy_t2.asm.obj</name>
      </input_file>
      <input_file id="fl-c6">
         <path>/Applications/ti/ccs1280/ccs/tools/compiler/ti-cgt-arm_20.2.7.LTS/lib/</path>
         <kind>archive</kind>
         <file>rtsv7M4_T_le_v4SPD16_eabi.lib</file>
         <name>memset_t2.asm.obj</name>
      </input_file>
      <input_file id="fl-c7">
         <path>/Applications/ti/ccs1280/ccs/tools/compiler/ti-cgt-arm_20.2.7.LTS/lib/</path>
         <kind>archive</kind>
         <file>rtsv7M4_T_le_v4SPD16_eabi.lib</file>
         <name>autoinit.c.obj</name>
      </input_file>
      <input_file id="fl-c8">
         <path>/Applications/ti/ccs1280/ccs/tools/compiler/ti-cgt-arm_20.2.7.LTS/lib/</path>
         <kind>archive</kind>
         <file>rtsv7M4_T_le_v4SPD16_eabi.lib</file>
         <name>pre_init.c.obj</name>
      </input_file>
      <input_file id="fl-c9">
         <path>/Applications/ti/ccs1280/ccs/tools/compiler/ti-cgt-arm_20.2.7.LTS/lib/</path>
         <kind>archive</kind>
         <file>rtsv7M4_T_le_v4SPD16_eabi.lib</file>
         <name>cpy_tbl.c.obj</name>
      </input_file>
      <input_file id="fl-ca">
         <path>/Applications/ti/ccs1280/ccs/tools/compiler/ti-cgt-arm_20.2.7.LTS/lib/</path>
         <kind>archive</kind>
         <file>rtsv7M4_T_le_v4SPD16_eabi.lib</file>
         <name>exit.c.obj</name>
      </input_file>
      <input_file id="fl-cb">
         <path>/Applications/ti/ccs1280/ccs/tools/compiler/ti-cgt-arm_20.2.7.LTS/lib/</path>
         <kind>archive</kind>
         <file>rtsv7M4_T_le_v4SPD16_eabi.lib</file>
         <name>_lock.c.obj</name>
      </input_file>
      <input_file id="fl-cc">
         <path>/Applications/ti/ccs1280/ccs/tools/compiler/ti-cgt-arm_20.2.7.LTS/lib/</path>
         <kind>archive</kind>
         <file>rtsv7M4_T_le_v4SPD16_eabi.lib</file>
         <name>args_main.c.obj</name>
      </input_file>
   </input_file_list>
   <object_component_list>
      <object_component id="oc-12">
         <name>.intvecs</name>
         <load_address>0x0</load_address>
         <run_address>0x0</run_address>
         <size>0x26c</size>
         <input_file_ref idref="fl-7"/>
      </object_component>
      <object_component id="oc-e3">
         <name>.text</name>
         <load_address>0x26c</load_address>
         <run_address>0x26c</run_address>
         <size>0x458</size>
         <input_file_ref idref="fl-2"/>
      </object_component>
      <object_component id="oc-74">
         <name>.text</name>
         <load_address>0x6c4</load_address>
         <run_address>0x6c4</run_address>
         <size>0x1b4</size>
         <input_file_ref idref="fl-1"/>
      </object_component>
      <object_component id="oc-27">
         <name>.text</name>
         <load_address>0x878</load_address>
         <run_address>0x878</run_address>
         <size>0x112</size>
         <input_file_ref idref="fl-7"/>
      </object_component>
      <object_component id="oc-2d">
         <name>.text</name>
         <load_address>0x98c</load_address>
         <run_address>0x98c</run_address>
         <size>0xec</size>
         <input_file_ref idref="fl-4"/>
      </object_component>
      <object_component id="oc-e9">
         <name>.text</name>
         <load_address>0xa78</load_address>
         <run_address>0xa78</run_address>
         <size>0xac</size>
         <input_file_ref idref="fl-5"/>
      </object_component>
      <object_component id="oc-b0">
         <name>.text</name>
         <load_address>0xb24</load_address>
         <run_address>0xb24</run_address>
         <size>0x90</size>
         <input_file_ref idref="fl-6"/>
      </object_component>
      <object_component id="oc-dd">
         <name>.text</name>
         <load_address>0xbb4</load_address>
         <run_address>0xbb4</run_address>
         <size>0x88</size>
         <input_file_ref idref="fl-3"/>
      </object_component>
      <object_component id="oc-fc">
         <name>.text:__TI_auto_init_nobinit_nopinit:__TI_auto_init_nobinit_nopinit</name>
         <load_address>0xc3c</load_address>
         <run_address>0xc3c</run_address>
         <size>0x44</size>
         <input_file_ref idref="fl-c7"/>
      </object_component>
      <object_component id="oc-5f">
         <name>.text:_c_int00_noargs:_c_int00_noargs</name>
         <load_address>0xc80</load_address>
         <run_address>0xc80</run_address>
         <size>0x34</size>
         <input_file_ref idref="fl-c4"/>
      </object_component>
      <object_component id="oc-4d">
         <name>.text:decompress:ZI:__TI_zero_init_nomemset:__TI_zero_init_nomemset</name>
         <load_address>0xcb4</load_address>
         <run_address>0xcb4</run_address>
         <size>0x1c</size>
         <input_file_ref idref="fl-c1"/>
      </object_component>
      <object_component id="oc-aa">
         <name>.text:_system_pre_init</name>
         <load_address>0xcd0</load_address>
         <run_address>0xcd0</run_address>
         <size>0x4</size>
         <input_file_ref idref="fl-c8"/>
      </object_component>
      <object_component id="oc-f0">
         <name>.text:abort:abort</name>
         <load_address>0xcd4</load_address>
         <run_address>0xcd4</run_address>
         <size>0x4</size>
         <input_file_ref idref="fl-ca"/>
      </object_component>
      <object_component id="oc-1b4">
         <name>.cinit..bss.load</name>
         <load_address>0xcd8</load_address>
         <run_address>0xcd8</run_address>
         <size>0x8</size>
      </object_component>
      <object_component id="oc-1b2">
         <name>__TI_handler_table</name>
         <load_address>0xce0</load_address>
         <run_address>0xce0</run_address>
         <size>0x4</size>
      </object_component>
      <object_component id="oc-1b3">
         <name>__TI_cinit_table</name>
         <load_address>0xce4</load_address>
         <run_address>0xce4</run_address>
         <size>0x8</size>
      </object_component>
      <object_component id="oc-131">
         <name>.common:LCD_RS</name>
         <uninitialized>true</uninitialized>
         <run_address>0x2000020d</run_address>
         <size>0x1</size>
      </object_component>
      <object_component id="oc-134">
         <name>.common:LCD_E</name>
         <uninitialized>true</uninitialized>
         <run_address>0x2000020c</run_address>
         <size>0x1</size>
      </object_component>
      <object_component id="oc-7d">
         <name>.common:Counts</name>
         <uninitialized>true</uninitialized>
         <run_address>0x20000204</run_address>
         <size>0x4</size>
      </object_component>
      <object_component id="oc-81">
         <name>.common:ADCvalue</name>
         <uninitialized>true</uninitialized>
         <run_address>0x20000200</run_address>
         <size>0x4</size>
      </object_component>
      <object_component id="oc-7e">
         <name>.common:mailboxFlag</name>
         <uninitialized>true</uninitialized>
         <run_address>0x2000020e</run_address>
         <size>0x1</size>
      </object_component>
      <object_component id="oc-7a">
         <name>.common:wait_per</name>
         <uninitialized>true</uninitialized>
         <run_address>0x20000208</run_address>
         <size>0x4</size>
      </object_component>
      <object_component id="oc-24">
         <name>.stack</name>
         <uninitialized>true</uninitialized>
         <run_address>0x20000000</run_address>
         <size>0x4</size>
         <input_file_ref idref="fl-c4"/>
      </object_component>
      <object_component id="oc-1b6">
         <name>.stack</name>
         <uninitialized>true</uninitialized>
         <run_address>0x20000000</run_address>
         <size>0x0</size>
      </object_component>
      <object_component id="oc-cc">
         <name>.debug_info</name>
         <load_address>0x0</load_address>
         <run_address>0x0</run_address>
         <size>0x267</size>
         <input_file_ref idref="fl-1"/>
      </object_component>
      <object_component id="oc-75">
         <name>.debug_info</name>
         <load_address>0x267</load_address>
         <run_address>0x267</run_address>
         <size>0x224</size>
         <input_file_ref idref="fl-1"/>
      </object_component>
      <object_component id="oc-8a">
         <name>.debug_info</name>
         <load_address>0x48b</load_address>
         <run_address>0x48b</run_address>
         <size>0x26b</size>
         <input_file_ref idref="fl-1"/>
      </object_component>
      <object_component id="oc-3c">
         <name>.debug_info</name>
         <load_address>0x6f6</load_address>
         <run_address>0x6f6</run_address>
         <size>0x84</size>
         <input_file_ref idref="fl-1"/>
      </object_component>
      <object_component id="oc-c7">
         <name>.debug_info</name>
         <load_address>0x77a</load_address>
         <run_address>0x77a</run_address>
         <size>0x2a4</size>
         <input_file_ref idref="fl-1"/>
      </object_component>
      <object_component id="oc-83">
         <name>.debug_info</name>
         <load_address>0xa1e</load_address>
         <run_address>0xa1e</run_address>
         <size>0xbb</size>
         <input_file_ref idref="fl-1"/>
      </object_component>
      <object_component id="oc-132">
         <name>.debug_info</name>
         <load_address>0xad9</load_address>
         <run_address>0xad9</run_address>
         <size>0x314</size>
         <input_file_ref idref="fl-2"/>
      </object_component>
      <object_component id="oc-e4">
         <name>.debug_info</name>
         <load_address>0xded</load_address>
         <run_address>0xded</run_address>
         <size>0x9a4</size>
         <input_file_ref idref="fl-2"/>
      </object_component>
      <object_component id="oc-de">
         <name>.debug_info</name>
         <load_address>0x1791</load_address>
         <run_address>0x1791</run_address>
         <size>0x11e</size>
         <input_file_ref idref="fl-3"/>
      </object_component>
      <object_component id="oc-7b">
         <name>.debug_info</name>
         <load_address>0x18af</load_address>
         <run_address>0x18af</run_address>
         <size>0x3ca</size>
         <input_file_ref idref="fl-4"/>
      </object_component>
      <object_component id="oc-2e">
         <name>.debug_info</name>
         <load_address>0x1c79</load_address>
         <run_address>0x1c79</run_address>
         <size>0x286</size>
         <input_file_ref idref="fl-4"/>
      </object_component>
      <object_component id="oc-ed">
         <name>.debug_info</name>
         <load_address>0x1eff</load_address>
         <run_address>0x1eff</run_address>
         <size>0x1d5</size>
         <input_file_ref idref="fl-5"/>
      </object_component>
      <object_component id="oc-7f">
         <name>.debug_info</name>
         <load_address>0x20d4</load_address>
         <run_address>0x20d4</run_address>
         <size>0x3c7</size>
         <input_file_ref idref="fl-6"/>
      </object_component>
      <object_component id="oc-b1">
         <name>.debug_info</name>
         <load_address>0x249b</load_address>
         <run_address>0x249b</run_address>
         <size>0x282</size>
         <input_file_ref idref="fl-6"/>
      </object_component>
      <object_component id="oc-35">
         <name>.debug_info</name>
         <load_address>0x271d</load_address>
         <run_address>0x271d</run_address>
         <size>0x2b1</size>
         <input_file_ref idref="fl-7"/>
      </object_component>
      <object_component id="oc-13">
         <name>.debug_info</name>
         <load_address>0x29ce</load_address>
         <run_address>0x29ce</run_address>
         <size>0xf0</size>
         <input_file_ref idref="fl-7"/>
      </object_component>
      <object_component id="oc-2b">
         <name>.debug_info</name>
         <load_address>0x2abe</load_address>
         <run_address>0x2abe</run_address>
         <size>0x39cb</size>
         <input_file_ref idref="fl-7"/>
      </object_component>
      <object_component id="oc-a3">
         <name>.debug_info</name>
         <load_address>0x6489</load_address>
         <run_address>0x6489</run_address>
         <size>0x2d4</size>
         <input_file_ref idref="fl-c1"/>
      </object_component>
      <object_component id="oc-4e">
         <name>.debug_info</name>
         <load_address>0x675d</load_address>
         <run_address>0x675d</run_address>
         <size>0x1d2</size>
         <input_file_ref idref="fl-c1"/>
      </object_component>
      <object_component id="oc-9e">
         <name>.debug_info</name>
         <load_address>0x692f</load_address>
         <run_address>0x692f</run_address>
         <size>0x46</size>
         <input_file_ref idref="fl-c1"/>
      </object_component>
      <object_component id="oc-d4">
         <name>.debug_info</name>
         <load_address>0x6975</load_address>
         <run_address>0x6975</run_address>
         <size>0x2c</size>
         <input_file_ref idref="fl-c1"/>
      </object_component>
      <object_component id="oc-25">
         <name>.debug_info</name>
         <load_address>0x69a1</load_address>
         <run_address>0x69a1</run_address>
         <size>0x10b</size>
         <input_file_ref idref="fl-c4"/>
      </object_component>
      <object_component id="oc-61">
         <name>.debug_info</name>
         <load_address>0x6aac</load_address>
         <run_address>0x6aac</run_address>
         <size>0x1a9</size>
         <input_file_ref idref="fl-c4"/>
      </object_component>
      <object_component id="oc-142">
         <name>.debug_info</name>
         <load_address>0x6c55</load_address>
         <run_address>0x6c55</run_address>
         <size>0x4b3</size>
         <input_file_ref idref="fl-c7"/>
      </object_component>
      <object_component id="oc-fd">
         <name>.debug_info</name>
         <load_address>0x7108</load_address>
         <run_address>0x7108</run_address>
         <size>0x1a6</size>
         <input_file_ref idref="fl-c7"/>
      </object_component>
      <object_component id="oc-169">
         <name>.debug_info</name>
         <load_address>0x72ae</load_address>
         <run_address>0x72ae</run_address>
         <size>0x39</size>
         <input_file_ref idref="fl-c7"/>
      </object_component>
      <object_component id="oc-17d">
         <name>.debug_info</name>
         <load_address>0x72e7</load_address>
         <run_address>0x72e7</run_address>
         <size>0x39</size>
         <input_file_ref idref="fl-c7"/>
      </object_component>
      <object_component id="oc-16e">
         <name>.debug_info</name>
         <load_address>0x7320</load_address>
         <run_address>0x7320</run_address>
         <size>0x39</size>
         <input_file_ref idref="fl-c7"/>
      </object_component>
      <object_component id="oc-173">
         <name>.debug_info</name>
         <load_address>0x7359</load_address>
         <run_address>0x7359</run_address>
         <size>0xcd</size>
         <input_file_ref idref="fl-c7"/>
      </object_component>
      <object_component id="oc-ab">
         <name>.debug_info</name>
         <load_address>0x7426</load_address>
         <run_address>0x7426</run_address>
         <size>0x153</size>
         <input_file_ref idref="fl-c8"/>
      </object_component>
      <object_component id="oc-f2">
         <name>.debug_info</name>
         <load_address>0x7579</load_address>
         <run_address>0x7579</run_address>
         <size>0x122</size>
         <input_file_ref idref="fl-ca"/>
      </object_component>
      <object_component id="oc-1b7">
         <name>.debug_info</name>
         <load_address>0x769b</load_address>
         <run_address>0x769b</run_address>
         <size>0xa3</size>
      </object_component>
      <object_component id="oc-12f">
         <name>.debug_line</name>
         <load_address>0x0</load_address>
         <run_address>0x0</run_address>
         <size>0x20</size>
         <input_file_ref idref="fl-1"/>
      </object_component>
      <object_component id="oc-78">
         <name>.debug_line</name>
         <load_address>0x20</load_address>
         <run_address>0x20</run_address>
         <size>0xb5</size>
         <input_file_ref idref="fl-1"/>
      </object_component>
      <object_component id="oc-8d">
         <name>.debug_line</name>
         <load_address>0xd5</load_address>
         <run_address>0xd5</run_address>
         <size>0x7a</size>
         <input_file_ref idref="fl-1"/>
      </object_component>
      <object_component id="oc-3f">
         <name>.debug_line</name>
         <load_address>0x14f</load_address>
         <run_address>0x14f</run_address>
         <size>0x20</size>
         <input_file_ref idref="fl-1"/>
      </object_component>
      <object_component id="oc-ca">
         <name>.debug_line</name>
         <load_address>0x16f</load_address>
         <run_address>0x16f</run_address>
         <size>0x7e</size>
         <input_file_ref idref="fl-1"/>
      </object_component>
      <object_component id="oc-86">
         <name>.debug_line</name>
         <load_address>0x1ed</load_address>
         <run_address>0x1ed</run_address>
         <size>0x7b</size>
         <input_file_ref idref="fl-1"/>
      </object_component>
      <object_component id="oc-158">
         <name>.debug_line</name>
         <load_address>0x268</load_address>
         <run_address>0x268</run_address>
         <size>0x3c</size>
         <input_file_ref idref="fl-2"/>
      </object_component>
      <object_component id="oc-e7">
         <name>.debug_line</name>
         <load_address>0x2a4</load_address>
         <run_address>0x2a4</run_address>
         <size>0x204</size>
         <input_file_ref idref="fl-2"/>
      </object_component>
      <object_component id="oc-e1">
         <name>.debug_line</name>
         <load_address>0x4a8</load_address>
         <run_address>0x4a8</run_address>
         <size>0x52</size>
         <input_file_ref idref="fl-3"/>
      </object_component>
      <object_component id="oc-c4">
         <name>.debug_line</name>
         <load_address>0x4fa</load_address>
         <run_address>0x4fa</run_address>
         <size>0x49</size>
         <input_file_ref idref="fl-4"/>
      </object_component>
      <object_component id="oc-31">
         <name>.debug_line</name>
         <load_address>0x543</load_address>
         <run_address>0x543</run_address>
         <size>0xa1</size>
         <input_file_ref idref="fl-4"/>
      </object_component>
      <object_component id="oc-ea">
         <name>.debug_line</name>
         <load_address>0x5e4</load_address>
         <run_address>0x5e4</run_address>
         <size>0x83</size>
         <input_file_ref idref="fl-5"/>
      </object_component>
      <object_component id="oc-c6">
         <name>.debug_line</name>
         <load_address>0x667</load_address>
         <run_address>0x667</run_address>
         <size>0x69</size>
         <input_file_ref idref="fl-6"/>
      </object_component>
      <object_component id="oc-b4">
         <name>.debug_line</name>
         <load_address>0x6d0</load_address>
         <run_address>0x6d0</run_address>
         <size>0x76</size>
         <input_file_ref idref="fl-6"/>
      </object_component>
      <object_component id="oc-89">
         <name>.debug_line</name>
         <load_address>0x746</load_address>
         <run_address>0x746</run_address>
         <size>0x41</size>
         <input_file_ref idref="fl-7"/>
      </object_component>
      <object_component id="oc-34">
         <name>.debug_line</name>
         <load_address>0x787</load_address>
         <run_address>0x787</run_address>
         <size>0x41</size>
         <input_file_ref idref="fl-7"/>
      </object_component>
      <object_component id="oc-28">
         <name>.debug_line</name>
         <load_address>0x7c8</load_address>
         <run_address>0x7c8</run_address>
         <size>0xc38</size>
         <input_file_ref idref="fl-7"/>
      </object_component>
      <object_component id="oc-da">
         <name>.debug_line</name>
         <load_address>0x1400</load_address>
         <run_address>0x1400</run_address>
         <size>0x92</size>
         <input_file_ref idref="fl-c1"/>
      </object_component>
      <object_component id="oc-51">
         <name>.debug_line</name>
         <load_address>0x1492</load_address>
         <run_address>0x1492</run_address>
         <size>0x4c</size>
         <input_file_ref idref="fl-c1"/>
      </object_component>
      <object_component id="oc-a1">
         <name>.debug_line</name>
         <load_address>0x14de</load_address>
         <run_address>0x14de</run_address>
         <size>0x34</size>
         <input_file_ref idref="fl-c1"/>
      </object_component>
      <object_component id="oc-d7">
         <name>.debug_line</name>
         <load_address>0x1512</load_address>
         <run_address>0x1512</run_address>
         <size>0x92</size>
         <input_file_ref idref="fl-c1"/>
      </object_component>
      <object_component id="oc-72">
         <name>.debug_line</name>
         <load_address>0x15a4</load_address>
         <run_address>0x15a4</run_address>
         <size>0x33</size>
         <input_file_ref idref="fl-c4"/>
      </object_component>
      <object_component id="oc-63">
         <name>.debug_line</name>
         <load_address>0x15d7</load_address>
         <run_address>0x15d7</run_address>
         <size>0x45</size>
         <input_file_ref idref="fl-c4"/>
      </object_component>
      <object_component id="oc-168">
         <name>.debug_line</name>
         <load_address>0x161c</load_address>
         <run_address>0x161c</run_address>
         <size>0xbf</size>
         <input_file_ref idref="fl-c7"/>
      </object_component>
      <object_component id="oc-100">
         <name>.debug_line</name>
         <load_address>0x16db</load_address>
         <run_address>0x16db</run_address>
         <size>0x6f</size>
         <input_file_ref idref="fl-c7"/>
      </object_component>
      <object_component id="oc-16c">
         <name>.debug_line</name>
         <load_address>0x174a</load_address>
         <run_address>0x174a</run_address>
         <size>0x2e</size>
         <input_file_ref idref="fl-c7"/>
      </object_component>
      <object_component id="oc-180">
         <name>.debug_line</name>
         <load_address>0x1778</load_address>
         <run_address>0x1778</run_address>
         <size>0x9a</size>
         <input_file_ref idref="fl-c7"/>
      </object_component>
      <object_component id="oc-171">
         <name>.debug_line</name>
         <load_address>0x1812</load_address>
         <run_address>0x1812</run_address>
         <size>0x97</size>
         <input_file_ref idref="fl-c7"/>
      </object_component>
      <object_component id="oc-176">
         <name>.debug_line</name>
         <load_address>0x18a9</load_address>
         <run_address>0x18a9</run_address>
         <size>0x93</size>
         <input_file_ref idref="fl-c7"/>
      </object_component>
      <object_component id="oc-ae">
         <name>.debug_line</name>
         <load_address>0x193c</load_address>
         <run_address>0x193c</run_address>
         <size>0x40</size>
         <input_file_ref idref="fl-c8"/>
      </object_component>
      <object_component id="oc-f1">
         <name>.debug_line</name>
         <load_address>0x197c</load_address>
         <run_address>0x197c</run_address>
         <size>0x3c</size>
         <input_file_ref idref="fl-ca"/>
      </object_component>
      <object_component id="oc-79">
         <name>.debug_frame</name>
         <load_address>0x0</load_address>
         <run_address>0x0</run_address>
         <size>0x80</size>
         <input_file_ref idref="fl-1"/>
      </object_component>
      <object_component id="oc-e8">
         <name>.debug_frame</name>
         <load_address>0x80</load_address>
         <run_address>0x80</run_address>
         <size>0x174</size>
         <input_file_ref idref="fl-2"/>
      </object_component>
      <object_component id="oc-e2">
         <name>.debug_frame</name>
         <load_address>0x1f4</load_address>
         <run_address>0x1f4</run_address>
         <size>0x58</size>
         <input_file_ref idref="fl-3"/>
      </object_component>
      <object_component id="oc-32">
         <name>.debug_frame</name>
         <load_address>0x24c</load_address>
         <run_address>0x24c</run_address>
         <size>0x88</size>
         <input_file_ref idref="fl-4"/>
      </object_component>
      <object_component id="oc-eb">
         <name>.debug_frame</name>
         <load_address>0x2d4</load_address>
         <run_address>0x2d4</run_address>
         <size>0x74</size>
         <input_file_ref idref="fl-5"/>
      </object_component>
      <object_component id="oc-b5">
         <name>.debug_frame</name>
         <load_address>0x348</load_address>
         <run_address>0x348</run_address>
         <size>0x74</size>
         <input_file_ref idref="fl-6"/>
      </object_component>
      <object_component id="oc-29">
         <name>.debug_frame</name>
         <load_address>0x3bc</load_address>
         <run_address>0x3bc</run_address>
         <size>0xa2c</size>
         <input_file_ref idref="fl-7"/>
      </object_component>
      <object_component id="oc-52">
         <name>.debug_frame</name>
         <load_address>0xde8</load_address>
         <run_address>0xde8</run_address>
         <size>0x54</size>
         <input_file_ref idref="fl-c1"/>
      </object_component>
      <object_component id="oc-64">
         <name>.debug_frame</name>
         <load_address>0xe3c</load_address>
         <run_address>0xe3c</run_address>
         <size>0x50</size>
         <input_file_ref idref="fl-c4"/>
      </object_component>
      <object_component id="oc-101">
         <name>.debug_frame</name>
         <load_address>0xe8c</load_address>
         <run_address>0xe8c</run_address>
         <size>0x5c</size>
         <input_file_ref idref="fl-c7"/>
      </object_component>
      <object_component id="oc-af">
         <name>.debug_frame</name>
         <load_address>0xee8</load_address>
         <run_address>0xee8</run_address>
         <size>0x54</size>
         <input_file_ref idref="fl-c8"/>
      </object_component>
      <object_component id="oc-f5">
         <name>.debug_frame</name>
         <load_address>0xf3c</load_address>
         <run_address>0xf3c</run_address>
         <size>0x54</size>
         <input_file_ref idref="fl-ca"/>
      </object_component>
      <object_component id="oc-12e">
         <name>.debug_abbrev</name>
         <load_address>0x0</load_address>
         <run_address>0x0</run_address>
         <size>0x27</size>
         <input_file_ref idref="fl-1"/>
      </object_component>
      <object_component id="oc-c2">
         <name>.debug_abbrev</name>
         <load_address>0x27</load_address>
         <run_address>0x27</run_address>
         <size>0x8d</size>
         <input_file_ref idref="fl-1"/>
      </object_component>
      <object_component id="oc-8c">
         <name>.debug_abbrev</name>
         <load_address>0xb4</load_address>
         <run_address>0xb4</run_address>
         <size>0x69</size>
         <input_file_ref idref="fl-1"/>
      </object_component>
      <object_component id="oc-3e">
         <name>.debug_abbrev</name>
         <load_address>0x11d</load_address>
         <run_address>0x11d</run_address>
         <size>0x1f</size>
         <input_file_ref idref="fl-1"/>
      </object_component>
      <object_component id="oc-c9">
         <name>.debug_abbrev</name>
         <load_address>0x13c</load_address>
         <run_address>0x13c</run_address>
         <size>0x5c</size>
         <input_file_ref idref="fl-1"/>
      </object_component>
      <object_component id="oc-85">
         <name>.debug_abbrev</name>
         <load_address>0x198</load_address>
         <run_address>0x198</run_address>
         <size>0x24</size>
         <input_file_ref idref="fl-1"/>
      </object_component>
      <object_component id="oc-157">
         <name>.debug_abbrev</name>
         <load_address>0x1bc</load_address>
         <run_address>0x1bc</run_address>
         <size>0x70</size>
         <input_file_ref idref="fl-2"/>
      </object_component>
      <object_component id="oc-135">
         <name>.debug_abbrev</name>
         <load_address>0x22c</load_address>
         <run_address>0x22c</run_address>
         <size>0x85</size>
         <input_file_ref idref="fl-2"/>
      </object_component>
      <object_component id="oc-130">
         <name>.debug_abbrev</name>
         <load_address>0x2b1</load_address>
         <run_address>0x2b1</run_address>
         <size>0x6c</size>
         <input_file_ref idref="fl-3"/>
      </object_component>
      <object_component id="oc-c3">
         <name>.debug_abbrev</name>
         <load_address>0x31d</load_address>
         <run_address>0x31d</run_address>
         <size>0xa1</size>
         <input_file_ref idref="fl-4"/>
      </object_component>
      <object_component id="oc-82">
         <name>.debug_abbrev</name>
         <load_address>0x3be</load_address>
         <run_address>0x3be</run_address>
         <size>0xa9</size>
         <input_file_ref idref="fl-4"/>
      </object_component>
      <object_component id="oc-136">
         <name>.debug_abbrev</name>
         <load_address>0x467</load_address>
         <run_address>0x467</run_address>
         <size>0x7a</size>
         <input_file_ref idref="fl-5"/>
      </object_component>
      <object_component id="oc-c5">
         <name>.debug_abbrev</name>
         <load_address>0x4e1</load_address>
         <run_address>0x4e1</run_address>
         <size>0x7c</size>
         <input_file_ref idref="fl-6"/>
      </object_component>
      <object_component id="oc-ef">
         <name>.debug_abbrev</name>
         <load_address>0x55d</load_address>
         <run_address>0x55d</run_address>
         <size>0xb4</size>
         <input_file_ref idref="fl-6"/>
      </object_component>
      <object_component id="oc-88">
         <name>.debug_abbrev</name>
         <load_address>0x611</load_address>
         <run_address>0x611</run_address>
         <size>0x68</size>
         <input_file_ref idref="fl-7"/>
      </object_component>
      <object_component id="oc-33">
         <name>.debug_abbrev</name>
         <load_address>0x679</load_address>
         <run_address>0x679</run_address>
         <size>0x29</size>
         <input_file_ref idref="fl-7"/>
      </object_component>
      <object_component id="oc-73">
         <name>.debug_abbrev</name>
         <load_address>0x6a2</load_address>
         <run_address>0x6a2</run_address>
         <size>0xa4</size>
         <input_file_ref idref="fl-7"/>
      </object_component>
      <object_component id="oc-d9">
         <name>.debug_abbrev</name>
         <load_address>0x746</load_address>
         <run_address>0x746</run_address>
         <size>0x5d</size>
         <input_file_ref idref="fl-c1"/>
      </object_component>
      <object_component id="oc-9d">
         <name>.debug_abbrev</name>
         <load_address>0x7a3</load_address>
         <run_address>0x7a3</run_address>
         <size>0x6f</size>
         <input_file_ref idref="fl-c1"/>
      </object_component>
      <object_component id="oc-a0">
         <name>.debug_abbrev</name>
         <load_address>0x812</load_address>
         <run_address>0x812</run_address>
         <size>0x24</size>
         <input_file_ref idref="fl-c1"/>
      </object_component>
      <object_component id="oc-d6">
         <name>.debug_abbrev</name>
         <load_address>0x836</load_address>
         <run_address>0x836</run_address>
         <size>0x24</size>
         <input_file_ref idref="fl-c1"/>
      </object_component>
      <object_component id="oc-71">
         <name>.debug_abbrev</name>
         <load_address>0x85a</load_address>
         <run_address>0x85a</run_address>
         <size>0x29</size>
         <input_file_ref idref="fl-c4"/>
      </object_component>
      <object_component id="oc-b9">
         <name>.debug_abbrev</name>
         <load_address>0x883</load_address>
         <run_address>0x883</run_address>
         <size>0x55</size>
         <input_file_ref idref="fl-c4"/>
      </object_component>
      <object_component id="oc-167">
         <name>.debug_abbrev</name>
         <load_address>0x8d8</load_address>
         <run_address>0x8d8</run_address>
         <size>0xc0</size>
         <input_file_ref idref="fl-c7"/>
      </object_component>
      <object_component id="oc-141">
         <name>.debug_abbrev</name>
         <load_address>0x998</load_address>
         <run_address>0x998</run_address>
         <size>0x7e</size>
         <input_file_ref idref="fl-c7"/>
      </object_component>
      <object_component id="oc-16b">
         <name>.debug_abbrev</name>
         <load_address>0xa16</load_address>
         <run_address>0xa16</run_address>
         <size>0x24</size>
         <input_file_ref idref="fl-c7"/>
      </object_component>
      <object_component id="oc-17f">
         <name>.debug_abbrev</name>
         <load_address>0xa3a</load_address>
         <run_address>0xa3a</run_address>
         <size>0x24</size>
         <input_file_ref idref="fl-c7"/>
      </object_component>
      <object_component id="oc-170">
         <name>.debug_abbrev</name>
         <load_address>0xa5e</load_address>
         <run_address>0xa5e</run_address>
         <size>0x24</size>
         <input_file_ref idref="fl-c7"/>
      </object_component>
      <object_component id="oc-175">
         <name>.debug_abbrev</name>
         <load_address>0xa82</load_address>
         <run_address>0xa82</run_address>
         <size>0x4b</size>
         <input_file_ref idref="fl-c7"/>
      </object_component>
      <object_component id="oc-dc">
         <name>.debug_abbrev</name>
         <load_address>0xacd</load_address>
         <run_address>0xacd</run_address>
         <size>0x55</size>
         <input_file_ref idref="fl-c8"/>
      </object_component>
      <object_component id="oc-137">
         <name>.debug_abbrev</name>
         <load_address>0xb22</load_address>
         <run_address>0xb22</run_address>
         <size>0x45</size>
         <input_file_ref idref="fl-ca"/>
      </object_component>
      <object_component id="oc-1b8">
         <name>.debug_abbrev</name>
         <load_address>0xb67</load_address>
         <run_address>0xb67</run_address>
         <size>0xf</size>
      </object_component>
      <object_component id="oc-8e">
         <name>.debug_str</name>
         <load_address>0x0</load_address>
         <run_address>0x0</run_address>
         <size>0x2bf</size>
         <input_file_ref idref="fl-1"/>
      </object_component>
      <object_component id="oc-40">
         <name>.debug_str</name>
         <load_address>0x2bf</load_address>
         <run_address>0x2bf</run_address>
         <size>0xff</size>
         <input_file_ref idref="fl-1"/>
      </object_component>
      <object_component id="oc-cb">
         <name>.debug_str</name>
         <load_address>0x3be</load_address>
         <run_address>0x3be</run_address>
         <size>0x355</size>
         <input_file_ref idref="fl-1"/>
      </object_component>
      <object_component id="oc-87">
         <name>.debug_str</name>
         <load_address>0x713</load_address>
         <run_address>0x713</run_address>
         <size>0x157</size>
         <input_file_ref idref="fl-1"/>
      </object_component>
      <object_component id="oc-a2">
         <name>.debug_str</name>
         <load_address>0x86a</load_address>
         <run_address>0x86a</run_address>
         <size>0x105</size>
         <input_file_ref idref="fl-c1"/>
      </object_component>
      <object_component id="oc-d8">
         <name>.debug_str</name>
         <load_address>0x96f</load_address>
         <run_address>0x96f</run_address>
         <size>0x140</size>
         <input_file_ref idref="fl-c1"/>
      </object_component>
      <object_component id="oc-16d">
         <name>.debug_str</name>
         <load_address>0xaaf</load_address>
         <run_address>0xaaf</run_address>
         <size>0xed</size>
         <input_file_ref idref="fl-c7"/>
      </object_component>
      <object_component id="oc-181">
         <name>.debug_str</name>
         <load_address>0xb9c</load_address>
         <run_address>0xb9c</run_address>
         <size>0x157</size>
         <input_file_ref idref="fl-c7"/>
      </object_component>
      <object_component id="oc-172">
         <name>.debug_str</name>
         <load_address>0xcf3</load_address>
         <run_address>0xcf3</run_address>
         <size>0x150</size>
         <input_file_ref idref="fl-c7"/>
      </object_component>
      <object_component id="oc-177">
         <name>.debug_str</name>
         <load_address>0xe43</load_address>
         <run_address>0xe43</run_address>
         <size>0x197</size>
         <input_file_ref idref="fl-c7"/>
      </object_component>
      <object_component id="oc-76">
         <name>.debug_aranges</name>
         <load_address>0x0</load_address>
         <run_address>0x0</run_address>
         <size>0x30</size>
         <input_file_ref idref="fl-1"/>
      </object_component>
      <object_component id="oc-e5">
         <name>.debug_aranges</name>
         <load_address>0x30</load_address>
         <run_address>0x30</run_address>
         <size>0x78</size>
         <input_file_ref idref="fl-2"/>
      </object_component>
      <object_component id="oc-df">
         <name>.debug_aranges</name>
         <load_address>0xa8</load_address>
         <run_address>0xa8</run_address>
         <size>0x20</size>
         <input_file_ref idref="fl-3"/>
      </object_component>
      <object_component id="oc-2f">
         <name>.debug_aranges</name>
         <load_address>0xc8</load_address>
         <run_address>0xc8</run_address>
         <size>0x30</size>
         <input_file_ref idref="fl-4"/>
      </object_component>
      <object_component id="oc-ec">
         <name>.debug_aranges</name>
         <load_address>0xf8</load_address>
         <run_address>0xf8</run_address>
         <size>0x28</size>
         <input_file_ref idref="fl-5"/>
      </object_component>
      <object_component id="oc-b2">
         <name>.debug_aranges</name>
         <load_address>0x120</load_address>
         <run_address>0x120</run_address>
         <size>0x28</size>
         <input_file_ref idref="fl-6"/>
      </object_component>
      <object_component id="oc-2a">
         <name>.debug_aranges</name>
         <load_address>0x148</load_address>
         <run_address>0x148</run_address>
         <size>0x410</size>
         <input_file_ref idref="fl-7"/>
      </object_component>
      <object_component id="oc-4f">
         <name>.debug_aranges</name>
         <load_address>0x558</load_address>
         <run_address>0x558</run_address>
         <size>0x20</size>
         <input_file_ref idref="fl-c1"/>
      </object_component>
      <object_component id="oc-60">
         <name>.debug_aranges</name>
         <load_address>0x578</load_address>
         <run_address>0x578</run_address>
         <size>0x20</size>
         <input_file_ref idref="fl-c4"/>
      </object_component>
      <object_component id="oc-fe">
         <name>.debug_aranges</name>
         <load_address>0x598</load_address>
         <run_address>0x598</run_address>
         <size>0x20</size>
         <input_file_ref idref="fl-c7"/>
      </object_component>
      <object_component id="oc-ac">
         <name>.debug_aranges</name>
         <load_address>0x5b8</load_address>
         <run_address>0x5b8</run_address>
         <size>0x20</size>
         <input_file_ref idref="fl-c8"/>
      </object_component>
      <object_component id="oc-f3">
         <name>.debug_aranges</name>
         <load_address>0x5d8</load_address>
         <run_address>0x5d8</run_address>
         <size>0x20</size>
         <input_file_ref idref="fl-ca"/>
      </object_component>
      <object_component id="oc-77">
         <name>.debug_pubnames</name>
         <load_address>0x0</load_address>
         <run_address>0x0</run_address>
         <size>0x60</size>
         <input_file_ref idref="fl-1"/>
      </object_component>
      <object_component id="oc-133">
         <name>.debug_pubnames</name>
         <load_address>0x60</load_address>
         <run_address>0x60</run_address>
         <size>0x27</size>
         <input_file_ref idref="fl-2"/>
      </object_component>
      <object_component id="oc-e6">
         <name>.debug_pubnames</name>
         <load_address>0x87</load_address>
         <run_address>0x87</run_address>
         <size>0xc2</size>
         <input_file_ref idref="fl-2"/>
      </object_component>
      <object_component id="oc-e0">
         <name>.debug_pubnames</name>
         <load_address>0x149</load_address>
         <run_address>0x149</run_address>
         <size>0x1f</size>
         <input_file_ref idref="fl-3"/>
      </object_component>
      <object_component id="oc-7c">
         <name>.debug_pubnames</name>
         <load_address>0x168</load_address>
         <run_address>0x168</run_address>
         <size>0x47</size>
         <input_file_ref idref="fl-4"/>
      </object_component>
      <object_component id="oc-30">
         <name>.debug_pubnames</name>
         <load_address>0x1af</load_address>
         <run_address>0x1af</run_address>
         <size>0x4b</size>
         <input_file_ref idref="fl-4"/>
      </object_component>
      <object_component id="oc-ee">
         <name>.debug_pubnames</name>
         <load_address>0x1fa</load_address>
         <run_address>0x1fa</run_address>
         <size>0x38</size>
         <input_file_ref idref="fl-5"/>
      </object_component>
      <object_component id="oc-80">
         <name>.debug_pubnames</name>
         <load_address>0x232</load_address>
         <run_address>0x232</run_address>
         <size>0x2f</size>
         <input_file_ref idref="fl-6"/>
      </object_component>
      <object_component id="oc-b3">
         <name>.debug_pubnames</name>
         <load_address>0x261</load_address>
         <run_address>0x261</run_address>
         <size>0x36</size>
         <input_file_ref idref="fl-6"/>
      </object_component>
      <object_component id="oc-14">
         <name>.debug_pubnames</name>
         <load_address>0x297</load_address>
         <run_address>0x297</run_address>
         <size>0x23</size>
         <input_file_ref idref="fl-7"/>
      </object_component>
      <object_component id="oc-2c">
         <name>.debug_pubnames</name>
         <load_address>0x2ba</load_address>
         <run_address>0x2ba</run_address>
         <size>0xa55</size>
         <input_file_ref idref="fl-7"/>
      </object_component>
      <object_component id="oc-50">
         <name>.debug_pubnames</name>
         <load_address>0xd0f</load_address>
         <run_address>0xd0f</run_address>
         <size>0x2e</size>
         <input_file_ref idref="fl-c1"/>
      </object_component>
      <object_component id="oc-26">
         <name>.debug_pubnames</name>
         <load_address>0xd3d</load_address>
         <run_address>0xd3d</run_address>
         <size>0x1e</size>
         <input_file_ref idref="fl-c4"/>
      </object_component>
      <object_component id="oc-62">
         <name>.debug_pubnames</name>
         <load_address>0xd5b</load_address>
         <run_address>0xd5b</run_address>
         <size>0x26</size>
         <input_file_ref idref="fl-c4"/>
      </object_component>
      <object_component id="oc-ff">
         <name>.debug_pubnames</name>
         <load_address>0xd81</load_address>
         <run_address>0xd81</run_address>
         <size>0x35</size>
         <input_file_ref idref="fl-c7"/>
      </object_component>
      <object_component id="oc-ad">
         <name>.debug_pubnames</name>
         <load_address>0xdb6</load_address>
         <run_address>0xdb6</run_address>
         <size>0x27</size>
         <input_file_ref idref="fl-c8"/>
      </object_component>
      <object_component id="oc-f4">
         <name>.debug_pubnames</name>
         <load_address>0xddd</load_address>
         <run_address>0xddd</run_address>
         <size>0x1c</size>
         <input_file_ref idref="fl-ca"/>
      </object_component>
      <object_component id="oc-8b">
         <name>.debug_pubtypes</name>
         <load_address>0x0</load_address>
         <run_address>0x0</run_address>
         <size>0x25c</size>
         <input_file_ref idref="fl-1"/>
      </object_component>
      <object_component id="oc-3d">
         <name>.debug_pubtypes</name>
         <load_address>0x25c</load_address>
         <run_address>0x25c</run_address>
         <size>0xed</size>
         <input_file_ref idref="fl-1"/>
      </object_component>
      <object_component id="oc-c8">
         <name>.debug_pubtypes</name>
         <load_address>0x349</load_address>
         <run_address>0x349</run_address>
         <size>0x330</size>
         <input_file_ref idref="fl-1"/>
      </object_component>
      <object_component id="oc-84">
         <name>.debug_pubtypes</name>
         <load_address>0x679</load_address>
         <run_address>0x679</run_address>
         <size>0xaa</size>
         <input_file_ref idref="fl-1"/>
      </object_component>
      <object_component id="oc-9f">
         <name>.debug_pubtypes</name>
         <load_address>0x723</load_address>
         <run_address>0x723</run_address>
         <size>0x48</size>
         <input_file_ref idref="fl-c1"/>
      </object_component>
      <object_component id="oc-d5">
         <name>.debug_pubtypes</name>
         <load_address>0x76b</load_address>
         <run_address>0x76b</run_address>
         <size>0x1d</size>
         <input_file_ref idref="fl-c1"/>
      </object_component>
      <object_component id="oc-16a">
         <name>.debug_pubtypes</name>
         <load_address>0x788</load_address>
         <run_address>0x788</run_address>
         <size>0x32</size>
         <input_file_ref idref="fl-c7"/>
      </object_component>
      <object_component id="oc-17e">
         <name>.debug_pubtypes</name>
         <load_address>0x7ba</load_address>
         <run_address>0x7ba</run_address>
         <size>0x30</size>
         <input_file_ref idref="fl-c7"/>
      </object_component>
      <object_component id="oc-16f">
         <name>.debug_pubtypes</name>
         <load_address>0x7ea</load_address>
         <run_address>0x7ea</run_address>
         <size>0x2c</size>
         <input_file_ref idref="fl-c7"/>
      </object_component>
      <object_component id="oc-174">
         <name>.debug_pubtypes</name>
         <load_address>0x816</load_address>
         <run_address>0x816</run_address>
         <size>0x50</size>
         <input_file_ref idref="fl-c7"/>
      </object_component>
   </object_component_list>
   <logical_group_list>
      <logical_group id="lg-3" display="no" color="cyan">
         <name>.intvecs</name>
         <load_address>0x0</load_address>
         <run_address>0x0</run_address>
         <size>0x26c</size>
         <contents>
            <object_component_ref idref="oc-12"/>
         </contents>
      </logical_group>
      <logical_group id="lg-4" display="no" color="cyan">
         <name>.text</name>
         <load_address>0x26c</load_address>
         <run_address>0x26c</run_address>
         <size>0xa6c</size>
         <contents>
            <object_component_ref idref="oc-e3"/>
            <object_component_ref idref="oc-74"/>
            <object_component_ref idref="oc-27"/>
            <object_component_ref idref="oc-2d"/>
            <object_component_ref idref="oc-e9"/>
            <object_component_ref idref="oc-b0"/>
            <object_component_ref idref="oc-dd"/>
            <object_component_ref idref="oc-fc"/>
            <object_component_ref idref="oc-5f"/>
            <object_component_ref idref="oc-4d"/>
            <object_component_ref idref="oc-aa"/>
            <object_component_ref idref="oc-f0"/>
         </contents>
      </logical_group>
      <logical_group id="lg-5" display="no" color="cyan">
         <name>.const</name>
         <run_address>0x0</run_address>
         <size>0x0</size>
         <contents>
         </contents>
      </logical_group>
      <logical_group id="lg-6" display="no" color="cyan">
         <name>.cinit</name>
         <load_address>0xcd8</load_address>
         <run_address>0xcd8</run_address>
         <size>0x14</size>
         <contents>
            <object_component_ref idref="oc-1b4"/>
            <object_component_ref idref="oc-1b2"/>
            <object_component_ref idref="oc-1b3"/>
         </contents>
      </logical_group>
      <logical_group id="lg-7" display="no" color="cyan">
         <name>.pinit</name>
         <run_address>0x0</run_address>
         <size>0x0</size>
         <contents>
         </contents>
      </logical_group>
      <logical_group id="lg-8" display="no" color="cyan">
         <name>.init_array</name>
         <run_address>0x0</run_address>
         <size>0x0</size>
         <contents>
         </contents>
      </logical_group>
      <logical_group id="lg-9" display="no" color="cyan">
         <name>.vtable</name>
         <run_address>0x0</run_address>
         <size>0x0</size>
         <contents>
         </contents>
      </logical_group>
      <logical_group id="lg-a" display="no" color="cyan">
         <name>.data</name>
         <run_address>0x0</run_address>
         <size>0x0</size>
         <contents>
         </contents>
      </logical_group>
      <logical_group id="lg-b" display="no" color="cyan">
         <name>.bss</name>
         <run_address>0x20000200</run_address>
         <size>0xf</size>
         <contents>
            <object_component_ref idref="oc-131"/>
            <object_component_ref idref="oc-134"/>
            <object_component_ref idref="oc-7d"/>
            <object_component_ref idref="oc-81"/>
            <object_component_ref idref="oc-7e"/>
            <object_component_ref idref="oc-7a"/>
         </contents>
      </logical_group>
      <logical_group id="lg-c" display="no" color="cyan">
         <name>.sysmem</name>
         <run_address>0x0</run_address>
         <size>0x0</size>
         <contents>
         </contents>
      </logical_group>
      <logical_group id="lg-d" display="no" color="cyan">
         <name>.stack</name>
         <run_address>0x20000000</run_address>
         <size>0x200</size>
         <contents>
            <object_component_ref idref="oc-24"/>
            <object_component_ref idref="oc-1b6"/>
         </contents>
      </logical_group>
      <logical_group id="lg-189" display="no" color="cyan">
         <name>.TI.noinit</name>
         <run_address>0x0</run_address>
         <size>0x0</size>
         <contents>
         </contents>
      </logical_group>
      <logical_group id="lg-18a" display="no" color="cyan">
         <name>.TI.persistent</name>
         <run_address>0x0</run_address>
         <size>0x0</size>
         <contents>
         </contents>
      </logical_group>
      <logical_group id="lg-18b" display="no" color="cyan">
         <name>__llvm_prf_cnts</name>
         <run_address>0x20000000</run_address>
         <size>0x0</size>
         <contents>
         </contents>
      </logical_group>
      <logical_group id="lg-19a" display="never" color="cyan">
         <name>.debug_info</name>
         <load_address>0x0</load_address>
         <run_address>0x0</run_address>
         <size>0x773e</size>
         <contents>
            <object_component_ref idref="oc-cc"/>
            <object_component_ref idref="oc-75"/>
            <object_component_ref idref="oc-8a"/>
            <object_component_ref idref="oc-3c"/>
            <object_component_ref idref="oc-c7"/>
            <object_component_ref idref="oc-83"/>
            <object_component_ref idref="oc-132"/>
            <object_component_ref idref="oc-e4"/>
            <object_component_ref idref="oc-de"/>
            <object_component_ref idref="oc-7b"/>
            <object_component_ref idref="oc-2e"/>
            <object_component_ref idref="oc-ed"/>
            <object_component_ref idref="oc-7f"/>
            <object_component_ref idref="oc-b1"/>
            <object_component_ref idref="oc-35"/>
            <object_component_ref idref="oc-13"/>
            <object_component_ref idref="oc-2b"/>
            <object_component_ref idref="oc-a3"/>
            <object_component_ref idref="oc-4e"/>
            <object_component_ref idref="oc-9e"/>
            <object_component_ref idref="oc-d4"/>
            <object_component_ref idref="oc-25"/>
            <object_component_ref idref="oc-61"/>
            <object_component_ref idref="oc-142"/>
            <object_component_ref idref="oc-fd"/>
            <object_component_ref idref="oc-169"/>
            <object_component_ref idref="oc-17d"/>
            <object_component_ref idref="oc-16e"/>
            <object_component_ref idref="oc-173"/>
            <object_component_ref idref="oc-ab"/>
            <object_component_ref idref="oc-f2"/>
            <object_component_ref idref="oc-1b7"/>
         </contents>
      </logical_group>
      <logical_group id="lg-19c" display="never" color="cyan">
         <name>.debug_line</name>
         <load_address>0x0</load_address>
         <run_address>0x0</run_address>
         <size>0x19b8</size>
         <contents>
            <object_component_ref idref="oc-12f"/>
            <object_component_ref idref="oc-78"/>
            <object_component_ref idref="oc-8d"/>
            <object_component_ref idref="oc-3f"/>
            <object_component_ref idref="oc-ca"/>
            <object_component_ref idref="oc-86"/>
            <object_component_ref idref="oc-158"/>
            <object_component_ref idref="oc-e7"/>
            <object_component_ref idref="oc-e1"/>
            <object_component_ref idref="oc-c4"/>
            <object_component_ref idref="oc-31"/>
            <object_component_ref idref="oc-ea"/>
            <object_component_ref idref="oc-c6"/>
            <object_component_ref idref="oc-b4"/>
            <object_component_ref idref="oc-89"/>
            <object_component_ref idref="oc-34"/>
            <object_component_ref idref="oc-28"/>
            <object_component_ref idref="oc-da"/>
            <object_component_ref idref="oc-51"/>
            <object_component_ref idref="oc-a1"/>
            <object_component_ref idref="oc-d7"/>
            <object_component_ref idref="oc-72"/>
            <object_component_ref idref="oc-63"/>
            <object_component_ref idref="oc-168"/>
            <object_component_ref idref="oc-100"/>
            <object_component_ref idref="oc-16c"/>
            <object_component_ref idref="oc-180"/>
            <object_component_ref idref="oc-171"/>
            <object_component_ref idref="oc-176"/>
            <object_component_ref idref="oc-ae"/>
            <object_component_ref idref="oc-f1"/>
         </contents>
      </logical_group>
      <logical_group id="lg-19e" display="never" color="cyan">
         <name>.debug_frame</name>
         <load_address>0x0</load_address>
         <run_address>0x0</run_address>
         <size>0xf90</size>
         <contents>
            <object_component_ref idref="oc-79"/>
            <object_component_ref idref="oc-e8"/>
            <object_component_ref idref="oc-e2"/>
            <object_component_ref idref="oc-32"/>
            <object_component_ref idref="oc-eb"/>
            <object_component_ref idref="oc-b5"/>
            <object_component_ref idref="oc-29"/>
            <object_component_ref idref="oc-52"/>
            <object_component_ref idref="oc-64"/>
            <object_component_ref idref="oc-101"/>
            <object_component_ref idref="oc-af"/>
            <object_component_ref idref="oc-f5"/>
         </contents>
      </logical_group>
      <logical_group id="lg-1a0" display="never" color="cyan">
         <name>.debug_abbrev</name>
         <load_address>0x0</load_address>
         <run_address>0x0</run_address>
         <size>0xb76</size>
         <contents>
            <object_component_ref idref="oc-12e"/>
            <object_component_ref idref="oc-c2"/>
            <object_component_ref idref="oc-8c"/>
            <object_component_ref idref="oc-3e"/>
            <object_component_ref idref="oc-c9"/>
            <object_component_ref idref="oc-85"/>
            <object_component_ref idref="oc-157"/>
            <object_component_ref idref="oc-135"/>
            <object_component_ref idref="oc-130"/>
            <object_component_ref idref="oc-c3"/>
            <object_component_ref idref="oc-82"/>
            <object_component_ref idref="oc-136"/>
            <object_component_ref idref="oc-c5"/>
            <object_component_ref idref="oc-ef"/>
            <object_component_ref idref="oc-88"/>
            <object_component_ref idref="oc-33"/>
            <object_component_ref idref="oc-73"/>
            <object_component_ref idref="oc-d9"/>
            <object_component_ref idref="oc-9d"/>
            <object_component_ref idref="oc-a0"/>
            <object_component_ref idref="oc-d6"/>
            <object_component_ref idref="oc-71"/>
            <object_component_ref idref="oc-b9"/>
            <object_component_ref idref="oc-167"/>
            <object_component_ref idref="oc-141"/>
            <object_component_ref idref="oc-16b"/>
            <object_component_ref idref="oc-17f"/>
            <object_component_ref idref="oc-170"/>
            <object_component_ref idref="oc-175"/>
            <object_component_ref idref="oc-dc"/>
            <object_component_ref idref="oc-137"/>
            <object_component_ref idref="oc-1b8"/>
         </contents>
      </logical_group>
      <logical_group id="lg-1a2" display="never" color="cyan">
         <name>.debug_str</name>
         <load_address>0x0</load_address>
         <run_address>0x0</run_address>
         <size>0xfda</size>
         <contents>
            <object_component_ref idref="oc-8e"/>
            <object_component_ref idref="oc-40"/>
            <object_component_ref idref="oc-cb"/>
            <object_component_ref idref="oc-87"/>
            <object_component_ref idref="oc-a2"/>
            <object_component_ref idref="oc-d8"/>
            <object_component_ref idref="oc-16d"/>
            <object_component_ref idref="oc-181"/>
            <object_component_ref idref="oc-172"/>
            <object_component_ref idref="oc-177"/>
         </contents>
      </logical_group>
      <logical_group id="lg-1a4" display="never" color="cyan">
         <name>.debug_aranges</name>
         <load_address>0x0</load_address>
         <run_address>0x0</run_address>
         <size>0x5f8</size>
         <contents>
            <object_component_ref idref="oc-76"/>
            <object_component_ref idref="oc-e5"/>
            <object_component_ref idref="oc-df"/>
            <object_component_ref idref="oc-2f"/>
            <object_component_ref idref="oc-ec"/>
            <object_component_ref idref="oc-b2"/>
            <object_component_ref idref="oc-2a"/>
            <object_component_ref idref="oc-4f"/>
            <object_component_ref idref="oc-60"/>
            <object_component_ref idref="oc-fe"/>
            <object_component_ref idref="oc-ac"/>
            <object_component_ref idref="oc-f3"/>
         </contents>
      </logical_group>
      <logical_group id="lg-1a6" display="never" color="cyan">
         <name>.debug_pubnames</name>
         <load_address>0x0</load_address>
         <run_address>0x0</run_address>
         <size>0xdf9</size>
         <contents>
            <object_component_ref idref="oc-77"/>
            <object_component_ref idref="oc-133"/>
            <object_component_ref idref="oc-e6"/>
            <object_component_ref idref="oc-e0"/>
            <object_component_ref idref="oc-7c"/>
            <object_component_ref idref="oc-30"/>
            <object_component_ref idref="oc-ee"/>
            <object_component_ref idref="oc-80"/>
            <object_component_ref idref="oc-b3"/>
            <object_component_ref idref="oc-14"/>
            <object_component_ref idref="oc-2c"/>
            <object_component_ref idref="oc-50"/>
            <object_component_ref idref="oc-26"/>
            <object_component_ref idref="oc-62"/>
            <object_component_ref idref="oc-ff"/>
            <object_component_ref idref="oc-ad"/>
            <object_component_ref idref="oc-f4"/>
         </contents>
      </logical_group>
      <logical_group id="lg-1a8" display="never" color="cyan">
         <name>.debug_pubtypes</name>
         <load_address>0x0</load_address>
         <run_address>0x0</run_address>
         <size>0x866</size>
         <contents>
            <object_component_ref idref="oc-8b"/>
            <object_component_ref idref="oc-3d"/>
            <object_component_ref idref="oc-c8"/>
            <object_component_ref idref="oc-84"/>
            <object_component_ref idref="oc-9f"/>
            <object_component_ref idref="oc-d5"/>
            <object_component_ref idref="oc-16a"/>
            <object_component_ref idref="oc-17e"/>
            <object_component_ref idref="oc-16f"/>
            <object_component_ref idref="oc-174"/>
         </contents>
      </logical_group>
      <logical_group id="lg-1b5" display="no" color="cyan">
         <name>Veneer$$CMSE</name>
         <run_address>0x0</run_address>
         <size>0x0</size>
         <contents>
         </contents>
      </logical_group>
      <load_segment id="lg-1ba" display="no" color="cyan">
         <name>SEGMENT_0</name>
         <load_address>0x0</load_address>
         <run_address>0x0</run_address>
         <size>0xcec</size>
         <flags>0x5</flags>
         <contents>
            <logical_group_ref idref="lg-3"/>
            <logical_group_ref idref="lg-4"/>
            <logical_group_ref idref="lg-6"/>
         </contents>
      </load_segment>
      <load_segment id="lg-1bb" display="no" color="cyan">
         <name>SEGMENT_1</name>
         <run_address>0x20000000</run_address>
         <size>0x20f</size>
         <flags>0x6</flags>
         <contents>
            <logical_group_ref idref="lg-d"/>
            <logical_group_ref idref="lg-b"/>
         </contents>
      </load_segment>
   </logical_group_list>
   <placement_map>
      <memory_area display="yes" color="green">
         <name>FLASH</name>
         <page_id>0x0</page_id>
         <origin>0x0</origin>
         <length>0x40000</length>
         <used_space>0xcec</used_space>
         <unused_space>0x3f314</unused_space>
         <attributes>RX</attributes>
         <usage_details>
            <allocated_space>
               <start_address>0x0</start_address>
               <size>0x26c</size>
               <logical_group_ref idref="lg-3"/>
            </allocated_space>
            <allocated_space>
               <start_address>0x26c</start_address>
               <size>0xa6c</size>
               <logical_group_ref idref="lg-4"/>
            </allocated_space>
            <allocated_space>
               <start_address>0xcd8</start_address>
               <size>0x14</size>
               <logical_group_ref idref="lg-6"/>
            </allocated_space>
            <available_space>
               <start_address>0xcec</start_address>
               <size>0x3f314</size>
            </available_space>
         </usage_details>
      </memory_area>
      <memory_area display="yes" color="green">
         <name>SRAM</name>
         <page_id>0x0</page_id>
         <origin>0x20000000</origin>
         <length>0x8000</length>
         <used_space>0x20f</used_space>
         <unused_space>0x7df1</unused_space>
         <attributes>RWX</attributes>
         <usage_details>
            <allocated_space>
               <start_address>0x20000000</start_address>
               <size>0x0</size>
               <logical_group_ref idref="lg-18b"/>
            </allocated_space>
            <allocated_space>
               <start_address>0x20000000</start_address>
               <size>0x200</size>
               <logical_group_ref idref="lg-d"/>
            </allocated_space>
            <allocated_space>
               <start_address>0x20000200</start_address>
               <size>0xf</size>
               <logical_group_ref idref="lg-b"/>
            </allocated_space>
            <available_space>
               <start_address>0x2000020f</start_address>
               <size>0x7df1</size>
            </available_space>
         </usage_details>
      </memory_area>
   </placement_map>
   <cptbl_list>
      <cptbl>
         <name>__TI_cinit_table</name>
         <cprec>
            <name>.bss</name>
            <load_address>0xcd8</load_address>
            <load_size>0x8</load_size>
            <run_address>0x20000200</run_address>
            <run_size>0xf</run_size>
            <compression>zero_init</compression>
         </cprec>
      </cptbl>
   </cptbl_list>
   <handler_table>
      <handler_table_name>__TI_handler_table</handler_table_name>
      <handler>
         <index>0x0</index>
         <name>__TI_zero_init</name>
      </handler>
   </handler_table>
   <symbol_table>
      <symbol id="sm-1">
         <name>__STACK_TOP</name>
         <value>0x20000200</value>
      </symbol>
      <symbol id="sm-2">
         <name>__start___llvm_prf_cnts</name>
         <value>0x20000000</value>
      </symbol>
      <symbol id="sm-3">
         <name>__stop___llvm_prf_cnts</name>
         <value>0x20000000</value>
      </symbol>
      <symbol id="sm-4">
         <name>__TI_CINIT_Base</name>
         <value>0xce4</value>
      </symbol>
      <symbol id="sm-5">
         <name>__TI_CINIT_Limit</name>
         <value>0xcec</value>
      </symbol>
      <symbol id="sm-6">
         <name>__TI_Handler_Table_Base</name>
         <value>0xce0</value>
      </symbol>
      <symbol id="sm-7">
         <name>__TI_Handler_Table_Limit</name>
         <value>0xce4</value>
      </symbol>
      <symbol id="sm-8">
         <name>binit</name>
         <value>0xffffffff</value>
      </symbol>
      <symbol id="sm-9">
         <name>__binit__</name>
         <value>0xffffffff</value>
      </symbol>
      <symbol id="sm-a">
         <name>__STACK_SIZE</name>
         <value>0x200</value>
      </symbol>
      <symbol id="sm-b">
         <name>__STACK_END</name>
         <value>0x20000200</value>
      </symbol>
      <symbol id="sm-c">
         <name>__c_args__</name>
         <value>0xffffffff</value>
      </symbol>
      <symbol id="sm-d">
         <name>__TI_pprof_out_hndl</name>
         <value>0xffffffff</value>
      </symbol>
      <symbol id="sm-e">
         <name>__TI_prof_data_start</name>
         <value>0xffffffff</value>
      </symbol>
      <symbol id="sm-f">
         <name>__TI_prof_data_size</name>
         <value>0xffffffff</value>
      </symbol>
      <symbol id="sm-5f">
         <name>ADC0_InitSWTriggerSeq3_Ch9</name>
         <value>0x6c5</value>
         <object_component_ref idref="oc-74"/>
      </symbol>
      <symbol id="sm-60">
         <name>ADC0_InitSWTriggerSeq3_Ch8</name>
         <value>0x767</value>
         <object_component_ref idref="oc-74"/>
      </symbol>
      <symbol id="sm-61">
         <name>ADC0_InSeq3</name>
         <value>0x809</value>
         <object_component_ref idref="oc-74"/>
      </symbol>
      <symbol id="sm-a6">
         <name>LCD_RS</name>
         <value>0x2000020d</value>
      </symbol>
      <symbol id="sm-a7">
         <name>LCD_E</name>
         <value>0x2000020c</value>
      </symbol>
      <symbol id="sm-a8">
         <name>LCD_OutString</name>
         <value>0x4ef</value>
         <object_component_ref idref="oc-e3"/>
      </symbol>
      <symbol id="sm-a9">
         <name>LCD_OutUDec</name>
         <value>0x50d</value>
         <object_component_ref idref="oc-e3"/>
      </symbol>
      <symbol id="sm-aa">
         <name>LCD_OutUHex</name>
         <value>0x545</value>
         <object_component_ref idref="oc-e3"/>
      </symbol>
      <symbol id="sm-ab">
         <name>LCD_Init</name>
         <value>0x309</value>
         <object_component_ref idref="oc-e3"/>
      </symbol>
      <symbol id="sm-ac">
         <name>LCD_OutCmd</name>
         <value>0x48d</value>
         <object_component_ref idref="oc-e3"/>
      </symbol>
      <symbol id="sm-ad">
         <name>SendPulse</name>
         <value>0x295</value>
         <object_component_ref idref="oc-e3"/>
      </symbol>
      <symbol id="sm-ae">
         <name>Out_RS_E</name>
         <value>0x26d</value>
         <object_component_ref idref="oc-e3"/>
      </symbol>
      <symbol id="sm-af">
         <name>LCD_Clear</name>
         <value>0x2f9</value>
         <object_component_ref idref="oc-e3"/>
      </symbol>
      <symbol id="sm-b0">
         <name>SendCmd</name>
         <value>0x2dd</value>
         <object_component_ref idref="oc-e3"/>
      </symbol>
      <symbol id="sm-b1">
         <name>SendChar</name>
         <value>0x2c1</value>
         <object_component_ref idref="oc-e3"/>
      </symbol>
      <symbol id="sm-b2">
         <name>LCD_OutUFix</name>
         <value>0x5b5</value>
         <object_component_ref idref="oc-e3"/>
      </symbol>
      <symbol id="sm-b3">
         <name>LCD_OutChar</name>
         <value>0x42b</value>
         <object_component_ref idref="oc-e3"/>
      </symbol>
      <symbol id="sm-c2">
         <name>PLL_Init</name>
         <value>0xbb5</value>
         <object_component_ref idref="oc-dd"/>
      </symbol>
      <symbol id="sm-e3">
         <name>Counts</name>
         <value>0x20000204</value>
      </symbol>
      <symbol id="sm-e4">
         <name>ADCvalue</name>
         <value>0x20000200</value>
      </symbol>
      <symbol id="sm-e5">
         <name>mailboxFlag</name>
         <value>0x2000020e</value>
      </symbol>
      <symbol id="sm-e6">
         <name>wait_per</name>
         <value>0x20000208</value>
      </symbol>
      <symbol id="sm-e7">
         <name>SysTick_Handler</name>
         <value>0xa09</value>
         <object_component_ref idref="oc-2d"/>
      </symbol>
      <symbol id="sm-e8">
         <name>SysTick_Mailbox</name>
         <value>0xa2f</value>
         <object_component_ref idref="oc-2d"/>
      </symbol>
      <symbol id="sm-e9">
         <name>SysTick_Init</name>
         <value>0x98d</value>
         <object_component_ref idref="oc-2d"/>
      </symbol>
      <symbol id="sm-103">
         <name>TimerA0_Wait10ms</name>
         <value>0xad5</value>
         <object_component_ref idref="oc-e9"/>
      </symbol>
      <symbol id="sm-104">
         <name>TimerA0_Wait</name>
         <value>0xa79</value>
         <object_component_ref idref="oc-e9"/>
      </symbol>
      <symbol id="sm-11c">
         <name>main</name>
         <value>0xb4d</value>
         <object_component_ref idref="oc-b0"/>
      </symbol>
      <symbol id="sm-11d">
         <name>ConvertADCToFahrenheit</name>
         <value>0xb25</value>
         <object_component_ref idref="oc-b0"/>
      </symbol>
      <symbol id="sm-22a">
         <name>Hibernate_Handler</name>
         <value>0x8e3</value>
         <object_component_ref idref="oc-27"/>
      </symbol>
      <symbol id="sm-22b">
         <name>UART1_Handler</name>
         <value>0x899</value>
         <object_component_ref idref="oc-27"/>
      </symbol>
      <symbol id="sm-22c">
         <name>FPU_Handler</name>
         <value>0x931</value>
         <object_component_ref idref="oc-27"/>
      </symbol>
      <symbol id="sm-22d">
         <name>PendSV_Handler</name>
         <value>0x889</value>
         <object_component_ref idref="oc-27"/>
      </symbol>
      <symbol id="sm-22e">
         <name>GPIOPortP4_Handler</name>
         <value>0x94b</value>
         <object_component_ref idref="oc-27"/>
      </symbol>
      <symbol id="sm-22f">
         <name>FlashCtl_Handler</name>
         <value>0x8c7</value>
         <object_component_ref idref="oc-27"/>
      </symbol>
      <symbol id="sm-230">
         <name>Timer0A_Handler</name>
         <value>0x8b3</value>
         <object_component_ref idref="oc-27"/>
      </symbol>
      <symbol id="sm-231">
         <name>Timer2A_Handler</name>
         <value>0x8bb</value>
         <object_component_ref idref="oc-27"/>
      </symbol>
      <symbol id="sm-232">
         <name>Timer4A_Handler</name>
         <value>0x911</value>
         <object_component_ref idref="oc-27"/>
      </symbol>
      <symbol id="sm-233">
         <name>SVC_Handler</name>
         <value>0x885</value>
         <object_component_ref idref="oc-27"/>
      </symbol>
      <symbol id="sm-234">
         <name>I2C0_Handler</name>
         <value>0x89d</value>
         <object_component_ref idref="oc-27"/>
      </symbol>
      <symbol id="sm-235">
         <name>I2S0_Handler</name>
         <value>0x8f5</value>
         <object_component_ref idref="oc-27"/>
      </symbol>
      <symbol id="sm-236">
         <name>SSI2_Handler</name>
         <value>0x8ff</value>
         <object_component_ref idref="oc-27"/>
      </symbol>
      <symbol id="sm-237">
         <name>GPIOPortJ_Handler</name>
         <value>0x8f9</value>
         <object_component_ref idref="oc-27"/>
      </symbol>
      <symbol id="sm-238">
         <name>GPIOPortE_Handler</name>
         <value>0x895</value>
         <object_component_ref idref="oc-27"/>
      </symbol>
      <symbol id="sm-239">
         <name>GPIOPortQ3_Handler</name>
         <value>0x959</value>
         <object_component_ref idref="oc-27"/>
      </symbol>
      <symbol id="sm-23a">
         <name>ADC0Seq0_Handler</name>
         <value>0x8a9</value>
         <object_component_ref idref="oc-27"/>
      </symbol>
      <symbol id="sm-23b">
         <name>uDMA_Error</name>
         <value>0x8eb</value>
         <object_component_ref idref="oc-27"/>
      </symbol>
      <symbol id="sm-23c">
         <name>UART3_Handler</name>
         <value>0x903</value>
         <object_component_ref idref="oc-27"/>
      </symbol>
      <symbol id="sm-23d">
         <name>CAN0_Handler</name>
         <value>0x8db</value>
         <object_component_ref idref="oc-27"/>
      </symbol>
      <symbol id="sm-23e">
         <name>GPIOPortP6_Handler</name>
         <value>0x94f</value>
         <object_component_ref idref="oc-27"/>
      </symbol>
      <symbol id="sm-23f">
         <name>Quadrature1_Handler</name>
         <value>0x8d9</value>
         <object_component_ref idref="oc-27"/>
      </symbol>
      <symbol id="sm-240">
         <name>PWM0Fault_Handler</name>
         <value>0x89f</value>
         <object_component_ref idref="oc-27"/>
      </symbol>
      <symbol id="sm-241">
         <name>ExtBus_Handler</name>
         <value>0x8f7</value>
         <object_component_ref idref="oc-27"/>
      </symbol>
      <symbol id="sm-242">
         <name>GPIOPortP1_Handler</name>
         <value>0x945</value>
         <object_component_ref idref="oc-27"/>
      </symbol>
      <symbol id="sm-243">
         <name>PWM0Generator3_Handler</name>
         <value>0x8e7</value>
         <object_component_ref idref="oc-27"/>
      </symbol>
      <symbol id="sm-244">
         <name>I2C2_Handler</name>
         <value>0x90d</value>
         <object_component_ref idref="oc-27"/>
      </symbol>
      <symbol id="sm-245">
         <name>Timer1A_Handler</name>
         <value>0x8b7</value>
         <object_component_ref idref="oc-27"/>
      </symbol>
      <symbol id="sm-246">
         <name>Timer3A_Handler</name>
         <value>0x8d3</value>
         <object_component_ref idref="oc-27"/>
      </symbol>
      <symbol id="sm-247">
         <name>Timer5A_Handler</name>
         <value>0x915</value>
         <object_component_ref idref="oc-27"/>
      </symbol>
      <symbol id="sm-248">
         <name>GPIOPortL_Handler</name>
         <value>0x8fd</value>
         <object_component_ref idref="oc-27"/>
      </symbol>
      <symbol id="sm-249">
         <name>WDT_Handler</name>
         <value>0x8b1</value>
         <object_component_ref idref="oc-27"/>
      </symbol>
      <symbol id="sm-24a">
         <name>WideTimer3A_Handler</name>
         <value>0x925</value>
         <object_component_ref idref="oc-27"/>
      </symbol>
      <symbol id="sm-24b">
         <name>WideTimer1A_Handler</name>
         <value>0x91d</value>
         <object_component_ref idref="oc-27"/>
      </symbol>
      <symbol id="sm-24c">
         <name>WideTimer5A_Handler</name>
         <value>0x92d</value>
         <object_component_ref idref="oc-27"/>
      </symbol>
      <symbol id="sm-24d">
         <name>GPIOPortG_Handler</name>
         <value>0x8cb</value>
         <object_component_ref idref="oc-27"/>
      </symbol>
      <symbol id="sm-24e">
         <name>GPIOPortQ5_Handler</name>
         <value>0x95d</value>
         <object_component_ref idref="oc-27"/>
      </symbol>
      <symbol id="sm-24f">
         <name>UART5_Handler</name>
         <value>0x907</value>
         <object_component_ref idref="oc-27"/>
      </symbol>
      <symbol id="sm-250">
         <name>CAN2_Handler</name>
         <value>0x8df</value>
         <object_component_ref idref="oc-27"/>
      </symbol>
      <symbol id="sm-251">
         <name>StartCritical</name>
         <value>0x979</value>
         <object_component_ref idref="oc-27"/>
      </symbol>
      <symbol id="sm-252">
         <name>GPIOPortP3_Handler</name>
         <value>0x949</value>
         <object_component_ref idref="oc-27"/>
      </symbol>
      <symbol id="sm-253">
         <name>GPIOPortP_Handler</name>
         <value>0x943</value>
         <object_component_ref idref="oc-27"/>
      </symbol>
      <symbol id="sm-254">
         <name>Comp1_Handler</name>
         <value>0x8c1</value>
         <object_component_ref idref="oc-27"/>
      </symbol>
      <symbol id="sm-255">
         <name>Timer0B_Handler</name>
         <value>0x8b5</value>
         <object_component_ref idref="oc-27"/>
      </symbol>
      <symbol id="sm-256">
         <name>Timer2B_Handler</name>
         <value>0x8bd</value>
         <object_component_ref idref="oc-27"/>
      </symbol>
      <symbol id="sm-257">
         <name>Timer4B_Handler</name>
         <value>0x913</value>
         <object_component_ref idref="oc-27"/>
      </symbol>
      <symbol id="sm-258">
         <name>PWM0Generator1_Handler</name>
         <value>0x8a3</value>
         <object_component_ref idref="oc-27"/>
      </symbol>
      <symbol id="sm-259">
         <name>ResetISR</name>
         <value>0x879</value>
         <object_component_ref idref="oc-27"/>
      </symbol>
      <symbol id="sm-25a">
         <name>PECI0_Handler</name>
         <value>0x933</value>
         <object_component_ref idref="oc-27"/>
      </symbol>
      <symbol id="sm-25b">
         <name>LPC0_Handler</name>
         <value>0x935</value>
         <object_component_ref idref="oc-27"/>
      </symbol>
      <symbol id="sm-25c">
         <name>PWM1Generator2_Handler</name>
         <value>0x96b</value>
         <object_component_ref idref="oc-27"/>
      </symbol>
      <symbol id="sm-25d">
         <name>I2C5_Handler</name>
         <value>0x939</value>
         <object_component_ref idref="oc-27"/>
      </symbol>
      <symbol id="sm-25e">
         <name>GPIOPortN_Handler</name>
         <value>0x93d</value>
         <object_component_ref idref="oc-27"/>
      </symbol>
      <symbol id="sm-25f">
         <name>ADC1Seq2_Handler</name>
         <value>0x8f1</value>
         <object_component_ref idref="oc-27"/>
      </symbol>
      <symbol id="sm-260">
         <name>GPIOPortQ7_Handler</name>
         <value>0x961</value>
         <object_component_ref idref="oc-27"/>
      </symbol>
      <symbol id="sm-261">
         <name>UART7_Handler</name>
         <value>0x90b</value>
         <object_component_ref idref="oc-27"/>
      </symbol>
      <symbol id="sm-262">
         <name>ADC0Seq3_Handler</name>
         <value>0x8af</value>
         <object_component_ref idref="oc-27"/>
      </symbol>
      <symbol id="sm-263">
         <name>WideTimer2A_Handler</name>
         <value>0x921</value>
         <object_component_ref idref="oc-27"/>
      </symbol>
      <symbol id="sm-264">
         <name>WideTimer0A_Handler</name>
         <value>0x919</value>
         <object_component_ref idref="oc-27"/>
      </symbol>
      <symbol id="sm-265">
         <name>WideTimer4A_Handler</name>
         <value>0x929</value>
         <object_component_ref idref="oc-27"/>
      </symbol>
      <symbol id="sm-266">
         <name>GPIOPortP5_Handler</name>
         <value>0x94d</value>
         <object_component_ref idref="oc-27"/>
      </symbol>
      <symbol id="sm-267">
         <name>GPIOPortR_Handler</name>
         <value>0x963</value>
         <object_component_ref idref="oc-27"/>
      </symbol>
      <symbol id="sm-268">
         <name>USB0_Handler</name>
         <value>0x8e5</value>
         <object_component_ref idref="oc-27"/>
      </symbol>
      <symbol id="sm-269">
         <name>PWM1Generator0_Handler</name>
         <value>0x967</value>
         <object_component_ref idref="oc-27"/>
      </symbol>
      <symbol id="sm-26a">
         <name>EndCritical</name>
         <value>0x981</value>
         <object_component_ref idref="oc-27"/>
      </symbol>
      <symbol id="sm-26b">
         <name>SSI1_Handler</name>
         <value>0x8d1</value>
         <object_component_ref idref="oc-27"/>
      </symbol>
      <symbol id="sm-26c">
         <name>Timer1B_Handler</name>
         <value>0x8b9</value>
         <object_component_ref idref="oc-27"/>
      </symbol>
      <symbol id="sm-26d">
         <name>Timer3B_Handler</name>
         <value>0x8d5</value>
         <object_component_ref idref="oc-27"/>
      </symbol>
      <symbol id="sm-26e">
         <name>Timer5B_Handler</name>
         <value>0x917</value>
         <object_component_ref idref="oc-27"/>
      </symbol>
      <symbol id="sm-26f">
         <name>ADC1Seq0_Handler</name>
         <value>0x8ed</value>
         <object_component_ref idref="oc-27"/>
      </symbol>
      <symbol id="sm-270">
         <name>GPIOPortK_Handler</name>
         <value>0x8fb</value>
         <object_component_ref idref="oc-27"/>
      </symbol>
      <symbol id="sm-271">
         <name>WideTimer3B_Handler</name>
         <value>0x927</value>
         <object_component_ref idref="oc-27"/>
      </symbol>
      <symbol id="sm-272">
         <name>WideTimer1B_Handler</name>
         <value>0x91f</value>
         <object_component_ref idref="oc-27"/>
      </symbol>
      <symbol id="sm-273">
         <name>WideTimer5B_Handler</name>
         <value>0x92f</value>
         <object_component_ref idref="oc-27"/>
      </symbol>
      <symbol id="sm-274">
         <name>SysCtl_Handler</name>
         <value>0x8c5</value>
         <object_component_ref idref="oc-27"/>
      </symbol>
      <symbol id="sm-275">
         <name>GPIOPortB_Handler</name>
         <value>0x88f</value>
         <object_component_ref idref="oc-27"/>
      </symbol>
      <symbol id="sm-276">
         <name>uDMA_Handler</name>
         <value>0x8e9</value>
         <object_component_ref idref="oc-27"/>
      </symbol>
      <symbol id="sm-277">
         <name>ADC0Seq1_Handler</name>
         <value>0x8ab</value>
         <object_component_ref idref="oc-27"/>
      </symbol>
      <symbol id="sm-278">
         <name>UART0_Handler</name>
         <value>0x897</value>
         <object_component_ref idref="oc-27"/>
      </symbol>
      <symbol id="sm-279">
         <name>GPIOPortP7_Handler</name>
         <value>0x951</value>
         <object_component_ref idref="oc-27"/>
      </symbol>
      <symbol id="sm-27a">
         <name>PWM1Fault_Handler</name>
         <value>0x96f</value>
         <object_component_ref idref="oc-27"/>
      </symbol>
      <symbol id="sm-27b">
         <name>I2C1_Handler</name>
         <value>0x8d7</value>
         <object_component_ref idref="oc-27"/>
      </symbol>
      <symbol id="sm-27c">
         <name>SSI3_Handler</name>
         <value>0x901</value>
         <object_component_ref idref="oc-27"/>
      </symbol>
      <symbol id="sm-27d">
         <name>GPIOPortM_Handler</name>
         <value>0x93b</value>
         <object_component_ref idref="oc-27"/>
      </symbol>
      <symbol id="sm-27e">
         <name>g_pfnVectors</name>
         <value>0x0</value>
         <object_component_ref idref="oc-12"/>
      </symbol>
      <symbol id="sm-27f">
         <name>GPIOPortD_Handler</name>
         <value>0x893</value>
         <object_component_ref idref="oc-27"/>
      </symbol>
      <symbol id="sm-280">
         <name>GPIOPortQ2_Handler</name>
         <value>0x957</value>
         <object_component_ref idref="oc-27"/>
      </symbol>
      <symbol id="sm-281">
         <name>UART2_Handler</name>
         <value>0x8cf</value>
         <object_component_ref idref="oc-27"/>
      </symbol>
      <symbol id="sm-282">
         <name>CAN1_Handler</name>
         <value>0x8dd</value>
         <object_component_ref idref="oc-27"/>
      </symbol>
      <symbol id="sm-283">
         <name>Quadrature0_Handler</name>
         <value>0x8a7</value>
         <object_component_ref idref="oc-27"/>
      </symbol>
      <symbol id="sm-284">
         <name>WideTimer2B_Handler</name>
         <value>0x923</value>
         <object_component_ref idref="oc-27"/>
      </symbol>
      <symbol id="sm-285">
         <name>WideTimer0B_Handler</name>
         <value>0x91b</value>
         <object_component_ref idref="oc-27"/>
      </symbol>
      <symbol id="sm-286">
         <name>WideTimer4B_Handler</name>
         <value>0x92b</value>
         <object_component_ref idref="oc-27"/>
      </symbol>
      <symbol id="sm-287">
         <name>GPIOPortQ_Handler</name>
         <value>0x953</value>
         <object_component_ref idref="oc-27"/>
      </symbol>
      <symbol id="sm-288">
         <name>DisableInterrupts</name>
         <value>0x971</value>
         <object_component_ref idref="oc-27"/>
      </symbol>
      <symbol id="sm-289">
         <name>Comp0_Handler</name>
         <value>0x8bf</value>
         <object_component_ref idref="oc-27"/>
      </symbol>
      <symbol id="sm-28a">
         <name>PWM0Generator2_Handler</name>
         <value>0x8a5</value>
         <object_component_ref idref="oc-27"/>
      </symbol>
      <symbol id="sm-28b">
         <name>I2C3_Handler</name>
         <value>0x90f</value>
         <object_component_ref idref="oc-27"/>
      </symbol>
      <symbol id="sm-28c">
         <name>Ethernet_Handler</name>
         <value>0x8e1</value>
         <object_component_ref idref="oc-27"/>
      </symbol>
      <symbol id="sm-28d">
         <name>PWM1Generator3_Handler</name>
         <value>0x96d</value>
         <object_component_ref idref="oc-27"/>
      </symbol>
      <symbol id="sm-28e">
         <name>I2C4_Handler</name>
         <value>0x937</value>
         <object_component_ref idref="oc-27"/>
      </symbol>
      <symbol id="sm-28f">
         <name>Fan0_Handler</name>
         <value>0x941</value>
         <object_component_ref idref="oc-27"/>
      </symbol>
      <symbol id="sm-290">
         <name>WaitForInterrupt</name>
         <value>0x987</value>
         <object_component_ref idref="oc-27"/>
      </symbol>
      <symbol id="sm-291">
         <name>ADC1Seq3_Handler</name>
         <value>0x8f3</value>
         <object_component_ref idref="oc-27"/>
      </symbol>
      <symbol id="sm-292">
         <name>GPIOPortF_Handler</name>
         <value>0x8c9</value>
         <object_component_ref idref="oc-27"/>
      </symbol>
      <symbol id="sm-293">
         <name>GPIOPortQ4_Handler</name>
         <value>0x95b</value>
         <object_component_ref idref="oc-27"/>
      </symbol>
      <symbol id="sm-294">
         <name>EnableInterrupts</name>
         <value>0x975</value>
         <object_component_ref idref="oc-27"/>
      </symbol>
      <symbol id="sm-295">
         <name>GPIOPortA_Handler</name>
         <value>0x88d</value>
         <object_component_ref idref="oc-27"/>
      </symbol>
      <symbol id="sm-296">
         <name>UART4_Handler</name>
         <value>0x905</value>
         <object_component_ref idref="oc-27"/>
      </symbol>
      <symbol id="sm-297">
         <name>Quadrature2_Handler</name>
         <value>0x93f</value>
         <object_component_ref idref="oc-27"/>
      </symbol>
      <symbol id="sm-298">
         <name>GPIOPortP2_Handler</name>
         <value>0x947</value>
         <object_component_ref idref="oc-27"/>
      </symbol>
      <symbol id="sm-299">
         <name>GPIOPortS_Handler</name>
         <value>0x965</value>
         <object_component_ref idref="oc-27"/>
      </symbol>
      <symbol id="sm-29a">
         <name>Comp2_Handler</name>
         <value>0x8c3</value>
         <object_component_ref idref="oc-27"/>
      </symbol>
      <symbol id="sm-29b">
         <name>DebugMon_Handler</name>
         <value>0x887</value>
         <object_component_ref idref="oc-27"/>
      </symbol>
      <symbol id="sm-29c">
         <name>PWM0Generator0_Handler</name>
         <value>0x8a1</value>
         <object_component_ref idref="oc-27"/>
      </symbol>
      <symbol id="sm-29d">
         <name>PWM1Generator1_Handler</name>
         <value>0x969</value>
         <object_component_ref idref="oc-27"/>
      </symbol>
      <symbol id="sm-29e">
         <name>SSI0_Handler</name>
         <value>0x89b</value>
         <object_component_ref idref="oc-27"/>
      </symbol>
      <symbol id="sm-29f">
         <name>ADC1Seq1_Handler</name>
         <value>0x8ef</value>
         <object_component_ref idref="oc-27"/>
      </symbol>
      <symbol id="sm-2a0">
         <name>GPIOPortH_Handler</name>
         <value>0x8cd</value>
         <object_component_ref idref="oc-27"/>
      </symbol>
      <symbol id="sm-2a1">
         <name>GPIOPortQ6_Handler</name>
         <value>0x95f</value>
         <object_component_ref idref="oc-27"/>
      </symbol>
      <symbol id="sm-2a2">
         <name>GPIOPortC_Handler</name>
         <value>0x891</value>
         <object_component_ref idref="oc-27"/>
      </symbol>
      <symbol id="sm-2a3">
         <name>GPIOPortQ1_Handler</name>
         <value>0x955</value>
         <object_component_ref idref="oc-27"/>
      </symbol>
      <symbol id="sm-2a4">
         <name>UART6_Handler</name>
         <value>0x909</value>
         <object_component_ref idref="oc-27"/>
      </symbol>
      <symbol id="sm-2a5">
         <name>ADC0Seq2_Handler</name>
         <value>0x8ad</value>
         <object_component_ref idref="oc-27"/>
      </symbol>
      <symbol id="sm-2be">
         <name>__TI_zero_init_nomemset</name>
         <value>0xcb5</value>
         <object_component_ref idref="oc-4d"/>
      </symbol>
      <symbol id="sm-2d3">
         <name>__stack</name>
         <value>0x20000000</value>
         <object_component_ref idref="oc-24"/>
      </symbol>
      <symbol id="sm-2d4">
         <name>_c_int00_noargs</name>
         <value>0xc81</value>
         <object_component_ref idref="oc-5f"/>
      </symbol>
      <symbol id="sm-2fe">
         <name>__TI_auto_init_nobinit_nopinit</name>
         <value>0xc3d</value>
         <object_component_ref idref="oc-fc"/>
      </symbol>
      <symbol id="sm-308">
         <name>_system_pre_init</name>
         <value>0xcd1</value>
         <object_component_ref idref="oc-aa"/>
      </symbol>
      <symbol id="sm-314">
         <name>C$$EXIT</name>
         <value>0xcd5</value>
         <object_component_ref idref="oc-f0"/>
      </symbol>
      <symbol id="sm-315">
         <name>abort</name>
         <value>0xcd5</value>
         <object_component_ref idref="oc-f0"/>
      </symbol>
      <symbol id="sm-318">
         <name>__TI_static_base__</name>
         <value>0x0</value>
      </symbol>
      <symbol id="sm-31a">
         <name>__mpu_init</name>
         <value>0x0</value>
      </symbol>
      <symbol id="sm-31b">
         <name>_system_post_cinit</name>
         <value>0x0</value>
      </symbol>
   </symbol_table>
   <title>Link successful</title>
</link_info>
